client/src/components/examples/Header.tsx(7,7): error TS2322: Type '{ userName: string; onLogout: () => void; }' is not assignable to type 'IntrinsicAttributes & HeaderProps'.
  Property 'onLogout' does not exist on type 'IntrinsicAttributes & HeaderProps'.
client/src/pages/Home.tsx(69,35): error TS2322: Type 'number' is not assignable to type 'string'.
client/src/pages/Home.tsx(78,36): error TS2367: This comparison appears to be unintentional because the types 'number' and 'string' have no overlap.
client/src/pages/Home.tsx(93,49): error TS2339: Property 'completed' does not exist on type '{ id: number; createdAt: Date | null; updatedAt: Date | null; status: string; employeeId: number | null; title: string; description: string | null; dueDate: Date | null; priority: string; }'.
client/src/pages/Home.tsx(94,51): error TS2339: Property 'completed' does not exist on type '{ id: number; createdAt: Date | null; updatedAt: Date | null; status: string; employeeId: number | null; title: string; description: string | null; dueDate: Date | null; priority: string; }'.
client/src/pages/Home.tsx(116,36): error TS2339: Property 'completed' does not exist on type '{ id: number; createdAt: Date | null; updatedAt: Date | null; status: string; employeeId: number | null; title: string; description: string | null; dueDate: Date | null; priority: string; }'.
client/src/pages/Home.tsx(117,38): error TS2339: Property 'completed' does not exist on type '{ id: number; createdAt: Date | null; updatedAt: Date | null; status: string; employeeId: number | null; title: string; description: string | null; dueDate: Date | null; priority: string; }'.
client/src/pages/Home.tsx(178,21): error TS2322: Type 'number' is not assignable to type 'string'.
client/src/pages/Home.tsx(183,37): error TS2339: Property 'completed' does not exist on type '{ id: number; createdAt: Date | null; updatedAt: Date | null; status: string; employeeId: number | null; title: string; description: string | null; dueDate: Date | null; priority: string; }'.
server/auth.ts(2,47): error TS2307: Cannot find module 'openid-client/passport' or its corresponding type declarations.
  There are types at 'C:/copytaskflow/node_modules/openid-client/build/passport.d.ts', but this result could not be resolved under your current 'moduleResolution' setting. Consider updating to 'node16', 'nodenext', or 'bundler'.
server/auth.ts(4,22): error TS7016: Could not find a declaration file for module 'passport'. 'C:/copytaskflow/node_modules/passport/lib/index.js' implicitly has an 'any' type.
  Try `npm i --save-dev @types/passport` if it exists or add a new declaration (.d.ts) file containing `declare module 'passport';`
server/auth.ts(5,21): error TS7016: Could not find a declaration file for module 'express-session'. 'C:/copytaskflow/node_modules/express-session/index.js' implicitly has an 'any' type.
  Try `npm i --save-dev @types/express-session` if it exists or add a new declaration (.d.ts) file containing `declare module 'express-session';`
server/auth.ts(6,46): error TS7016: Could not find a declaration file for module 'express'. 'C:/copytaskflow/node_modules/express/index.js' implicitly has an 'any' type.
  Try `npm i --save-dev @types/express` if it exists or add a new declaration (.d.ts) file containing `declare module 'express';`
server/auth.ts(8,23): error TS7016: Could not find a declaration file for module 'connect-pg-simple'. 'C:/copytaskflow/node_modules/connect-pg-simple/index.js' implicitly has an 'any' type.
  Try `npm i --save-dev @types/connect-pg-simple` if it exists or add a new declaration (.d.ts) file containing `declare module 'connect-pg-simple';`
server/auth.ts(102,47): error TS7006: Parameter 'cb' implicitly has an 'any' type.
server/auth.ts(103,49): error TS7006: Parameter 'cb' implicitly has an 'any' type.
server/auth.ts(105,26): error TS7006: Parameter 'req' implicitly has an 'any' type.
server/auth.ts(105,31): error TS7006: Parameter 'res' implicitly has an 'any' type.
server/auth.ts(105,36): error TS7006: Parameter 'next' implicitly has an 'any' type.
server/auth.ts(113,29): error TS7006: Parameter 'req' implicitly has an 'any' type.
server/auth.ts(113,34): error TS7006: Parameter 'res' implicitly has an 'any' type.
server/auth.ts(113,39): error TS7006: Parameter 'next' implicitly has an 'any' type.
server/auth.ts(121,27): error TS7006: Parameter 'req' implicitly has an 'any' type.
server/auth.ts(121,32): error TS7006: Parameter 'res' implicitly has an 'any' type.
server/auth.ts(133,55): error TS7006: Parameter 'req' implicitly has an 'any' type.
server/auth.ts(133,60): error TS7006: Parameter 'res' implicitly has an 'any' type.
server/auth.ts(133,65): error TS7006: Parameter 'next' implicitly has an 'any' type.
server/db.ts(3,16): error TS7016: Could not find a declaration file for module 'ws'. 'C:/copytaskflow/node_modules/ws/index.js' implicitly has an 'any' type.
  Try `npm i --save-dev @types/ws` if it exists or add a new declaration (.d.ts) file containing `declare module 'ws';`
server/index.ts(2,63): error TS7016: Could not find a declaration file for module 'express'. 'C:/copytaskflow/node_modules/express/index.js' implicitly has an 'any' type.
  Try `npm i --save-dev @types/express` if it exists or add a new declaration (.d.ts) file containing `declare module 'express';`
server/index.ts(5,18): error TS7016: Could not find a declaration file for module 'cors'. 'C:/copytaskflow/node_modules/cors/lib/index.js' implicitly has an 'any' type.
  Try `npm i --save-dev @types/cors` if it exists or add a new declaration (.d.ts) file containing `declare module 'cors';`
server/index.ts(39,14): error TS7006: Parameter 'req' implicitly has an 'any' type.
server/index.ts(39,19): error TS7006: Parameter '_res' implicitly has an 'any' type.
server/index.ts(39,25): error TS7006: Parameter 'buf' implicitly has an 'any' type.
server/index.ts(48,10): error TS7006: Parameter 'req' implicitly has an 'any' type.
server/index.ts(48,15): error TS7006: Parameter 'res' implicitly has an 'any' type.
server/index.ts(48,20): error TS7006: Parameter 'next' implicitly has an 'any' type.
server/routes.ts(2,63): error TS7016: Could not find a declaration file for module 'express'. 'C:/copytaskflow/node_modules/express/index.js' implicitly has an 'any' type.
  Try `npm i --save-dev @types/express` if it exists or add a new declaration (.d.ts) file containing `declare module 'express';`
server/vite.ts(2,39): error TS7016: Could not find a declaration file for module 'express'. 'C:/copytaskflow/node_modules/express/index.js' implicitly has an 'any' type.
  Try `npm i --save-dev @types/express` if it exists or add a new declaration (.d.ts) file containing `declare module 'express';`
server/vite.ts(141,17): error TS7006: Parameter '_req' implicitly has an 'any' type.
server/vite.ts(141,23): error TS7006: Parameter 'res' implicitly has an 'any' type.
